V2(
    ModProfileV2 {
        supports: None,
        natives: [
            Native {
                inner: Item {
                    name: "my_dll",
                    path: "./my-mod/my_dll.dll",
                    enabled: true,
                    optional: false,
                },
                initializer: None,
            },
        ],
        packages: [
            Package(
                Item {
                    name: "my_mod",
                    path: "./my-mod",
                    enabled: true,
                    optional: false,
                },
            ),
        ],
        profiles: [
            Item {
                name: "my_profile",
                path: "my_profile.me3",
                enabled: true,
                optional: false,
            },
        ],
        savefile: None,
        start_online: None,
        disable_arxan: None,
    },
)
